175.157.112.24 - - [02/Apr/2021:00:44:01 -0500] "GET /index.php?option=com_k2&view=itemlist&task=user&id=592872 HTTP/1.1" 301 707 "-" "Mozilla/4.0 (compatible; MSIE 6.0; Windows NT 5.1; SV1)"
114.119.130.151 - - [02/Apr/2021:00:51:29 -0500] "GET /tantan/7932cgui2083898.htm HTTP/1.1" 404 708 "-" "Mozilla/5.0 (Linux; Android 7.0;) AppleWebKit/537.36 (KHTML, like Gecko) Mobile Safari/537.36 (compatible; PetalBot;+https://aspiegel.com/petalbot)"
216.244.66.242 - - [02/Apr/2021:00:55:11 -0500] "GET /robots.txt HTTP/1.1" 301 707 "-" "Mozilla/5.0 (compatible; DotBot/1.2; +https://opensiteexplorer.org/dotbot; help@moz.com)"
114.119.137.70 - - [02/Apr/2021:00:57:03 -0500] "GET /dentaro/15140jcgr1706414.htm HTTP/1.1" 404 708 "-" "Mozilla/5.0 (Linux; Android 7.0;) AppleWebKit/537.36 (KHTML, like Gecko) Mobile Safari/537.36 (compatible; PetalBot;+https://aspiegel.com/petalbot)"
66.249.65.93 - - [02/Apr/2021:00:57:06 -0500] "GET /fujix/common/images/renew2009/bnr/bar_latvia.gif HTTP/1.1" 404 708 "-" "Googlebot-Image/1.0"
185.191.171.5 - - [02/Apr/2021:00:58:20 -0500] "GET /?id=28789&option=com_k2&task=user&view=itemlist HTTP/1.1" 301 707 "-" "Mozilla/5.0 (compatible; SemrushBot/7~bl; +http://www.semrush.com/bot.html)"
114.119.135.229 - - [02/Apr/2021:00:53:16 -0500] "GET /kiro-2/10433yzeyp22270201.htm HTTP/1.1" 404 708 "-" "Mozilla/5.0 (Linux; Android 7.0;) AppleWebKit/537.36 (KHTML, like Gecko) Mobile Safari/537.36 (compatible; PetalBot;+https://aspiegel.com/petalbot)"
114.119.130.151 - - [02/Apr/2021:00:55:11 -0500] "GET /business-bugs/35648zykplbtc-36.htm HTTP/1.1" 404 708 "-" "Mozilla/5.0 (Linux; Android 7.0;) AppleWebKit/537.36 (KHTML, like Gecko) Mobile Safari/537.36 (compatible; PetalBot;+https://aspiegel.com/petalbot)"
185.191.171.40 - - [02/Apr/2021:00:58:20 -0500] "GET /robots.txt HTTP/1.1" 301 707 "-" "Mozilla/5.0 (compatible; SemrushBot/7~bl; +http://www.semrush.com/bot.html)"
196.18.156.230 - - [02/Apr/2021:00:52:23 -0500] "GET /index.php?option=com_k2&view=itemlist&task=user&id=328499 HTTP/1.0" 301 707 "http://www.riuconstructora.com.do/" "Mozilla/5.0 (Windows NT 10.0) AppleWebKit/537.36 (KHTML, like Gecko) Chrome/66.0.3359.139 Safari/537.36,gzip(gfe)"
36.78.44.103 - - [02/Apr/2021:00:53:23 -0500] "GET /?option=com_k2&view=itemlist&task=user&id=106252 HTTP/1.1" 301 707 "http://riuconstructora.com.do/" "Mozilla/5.0 (MSIE 9.0; qdesk 2.4.1266.203; Windows NT 6.1; WOW64; Trident/7.0; rv:11.0) like Gecko"
131.153.31.219 - - [02/Apr/2021:00:55:42 -0500] "GET /?option=com_k2&view=itemlist&task=user&id=525872 HTTP/1.0" 301 707 "http://www.riuconstructora.com.do/" "Mozilla/5.0 (Macintosh; Intel Mac OS X 10_14_0) AppleWebKit/608.1.10 (KHTML, like Gecko) Chrome/66.0.3359.139 Safari/537.36"
114.119.159.79 - - [02/Apr/2021:00:59:00 -0500] "GET /flclover/29976zykpmf90.htm HTTP/1.1" 404 708 "-" "Mozilla/5.0 (Linux; Android 7.0;) AppleWebKit/537.36 (KHTML, like Gecko) Mobile Safari/537.36 (compatible; PetalBot;+https://aspiegel.com/petalbot)"
5.62.34.15 - - [02/Apr/2021:01:09:28 -0500] "GET /index.php/using-joomla/extensions/components/users-component/login-form HTTP/1.1" 301 707 "http://riuconstructora.com.do/" "Mozilla/5.0 (MSIE 9.0; qdesk 2.4.1266.203; Windows NT 6.1; WOW64; Trident/7.0; rv:11.0) like Gecko"
196.247.224.37 - - [02/Apr/2021:01:10:11 -0500] "GET /index.php/using-joomla/extensions/components/users-component/login-form HTTP/1.0" 301 707 "http://riuconstructora.com.do/" "Mozilla/5.0 (Macintosh; Intel Mac OS X 10_9_5) AppleWebKit/537.36 (KHTML, like Gecko) Chrome/67.0.3393.4 Safari/537.36"
114.119.159.79 - - [02/Apr/2021:01:10:58 -0500] "GET /active-store/images/slid02_image03_02.png HTTP/1.1" 404 708 "-" "Mozilla/5.0 (Linux; Android 7.0;) AppleWebKit/537.36 (KHTML, like Gecko) Mobile Safari/537.36 (compatible; PetalBot;+https://aspiegel.com/petalbot)"
66.249.65.94 - - [02/Apr/2021:01:11:18 -0500] "GET /greenbox/greenbox/cabinet/list7/7146.jpg HTTP/1.1" 404 708 "-" "Googlebot-Image/1.0"
114.119.141.77 - - [02/Apr/2021:01:15:08 -0500] "GET /%27http:/img.bjjsgy.com/nimg/9c/a1/bac HTTP/1.1" 404 708 "-" "Mozilla/5.0 (Linux; Android 7.0;) AppleWebKit/537.36 (KHTML, like Gecko) Mobile Safari/537.36 (compatible; PetalBot;+https://aspiegel.com/petalbot)"
114.119.154.237 - - [02/Apr/2021:01:08:58 -0500] "GET /importfan/36378zykpjim4032897.htm HTTP/1.1" 404 708 "-" "Mozilla/5.0 (Linux; Android 7.0;) AppleWebKit/537.36 (KHTML, like Gecko) Mobile Safari/537.36 (compatible; PetalBot;+https://aspiegel.com/petalbot)"
172.107.174.194 - - [02/Apr/2021:01:14:48 -0500] "GET /?option=com_k2&view=itemlist&task=user&id=141953 HTTP/1.1" 301 707 "http://www.riuconstructora.com.do/" "Mozilla/5.0 (Macintosh; Intel Mac OS X 10_7_3) AppleWebKit/[WEBKIT_VERSION] (KHTML, like Gecko, Mediapartners-Google) Chrome/[CHROME_VERSION] Safari/[WEBKIT_VERSION]"
114.119.141.77 - - [02/Apr/2021:01:04:56 -0500] "GET /x-sell/5664cmnz42433095.htm HTTP/1.1" 404 708 "-" "Mozilla/5.0 (Linux; Android 7.0;) AppleWebKit/537.36 (KHTML, like Gecko) Mobile Safari/537.36 (compatible; PetalBot;+https://aspiegel.com/petalbot)"
196.242.20.138 - - [02/Apr/2021:01:11:08 -0500] "GET /index.php/using-joomla/extensions/components/users-component/login-form HTTP/1.0" 301 707 "http://riuconstructora.com.do/" "Mozilla/5.0 (Windows NT 10.0; Win64; x64) AppleWebKit/537.36 (KHTML, like Gecko) Chrome/66.0.3359.170 Safari/537.36"
114.119.130.151 - - [02/Apr/2021:01:01:21 -0500] "GET /kiro-2/1543zykpp32299601.htm HTTP/1.1" 404 708 "-" "Mozilla/5.0 (Linux; Android 7.0;) AppleWebKit/537.36 (KHTML, like Gecko) Mobile Safari/537.36 (compatible; PetalBot;+https://aspiegel.com/petalbot)"
114.119.137.70 - - [02/Apr/2021:01:02:55 -0500] "GET /loupe-studio/17004cguitrs-8liq.htm HTTP/1.1" 404 708 "-" "Mozilla/5.0 (Linux; Android 7.0;) AppleWebKit/537.36 (KHTML, like Gecko) Mobile Safari/537.36 (compatible; PetalBot;+https://aspiegel.com/petalbot)"
175.137.148.124 - - [02/Apr/2021:01:03:27 -0500] "GET /index.php?option=com_k2&view=itemlist&task=user&id=593600 HTTP/1.1" 301 707 "-" "Mozilla/4.0 (compatible; MSIE 6.0; Windows NT 5.1; SV1)"
114.119.140.234 - - [02/Apr/2021:01:06:55 -0500] "GET /?option=com_k2&view=itemlist&task=user&id=50239 HTTP/1.1" 301 707 "-" "Mozilla/5.0 (Linux; Android 7.0;) AppleWebKit/537.36 (KHTML, like Gecko) Mobile Safari/537.36 (compatible; PetalBot;+https://aspiegel.com/petalbot)"
66.249.65.95 - - [02/Apr/2021:01:11:17 -0500] "GET /robots.txt HTTP/1.1" 301 707 "-" "Mozilla/5.0 (compatible; Googlebot/2.1; +http://www.google.com/bot.html)"
114.119.140.234 - - [02/Apr/2021:01:13:09 -0500] "GET /ai-kikaku/base/img/index/02_tit01.png HTTP/1.1" 404 708 "-" "Mozilla/5.0 (Linux; Android 7.0;) AppleWebKit/537.36 (KHTML, like Gecko) Mobile Safari/537.36 (compatible; PetalBot;+https://aspiegel.com/petalbot)"
114.119.137.70 - - [02/Apr/2021:01:19:01 -0500] "GET /loupe-studio/521cguitrs-8bd4.htm HTTP/1.1" 404 708 "-" "Mozilla/5.0 (Linux; Android 7.0;) AppleWebKit/537.36 (KHTML, like Gecko) Mobile Safari/537.36 (compatible; PetalBot;+https://aspiegel.com/petalbot)"
158.222.14.178 - - [02/Apr/2021:01:22:16 -0500] "GET /index.php/using-joomla/extensions/components/users-component/login-form HTTP/1.0" 301 707 "http://riuconstructora.com.do/" "Mozilla/5.0 (Windows NT 10.0) AppleWebKit/537.36 (KHTML, like Gecko) Chrome/65.0.3325.181 Safari/537.36"
82.211.50.137 - - [02/Apr/2021:01:21:24 -0500] "GET /index.php/using-joomla/extensions/components/users-component/registration-form?layout=complete HTTP/1.0" 301 707 "http://riuconstructora.com.do/" "Mozilla/5.0 (Windows NT 10.0; WOW64) AppleWebKit/537.36 (KHTML, like Gecko) Chrome/50.0.2661.95 Safari/537.36 Core/1.50.1659.400 QQBrowser/9.5.9769.400"
114.119.140.234 - - [02/Apr/2021:01:20:45 -0500] "GET /selection/37483zykpcb-085102.htm HTTP/1.1" 404 708 "-" "Mozilla/5.0 (Linux; Android 7.0;) AppleWebKit/537.36 (KHTML, like Gecko) Mobile Safari/537.36 (compatible; PetalBot;+https://aspiegel.com/petalbot)"
114.119.152.12 - - [02/Apr/2021:01:17:09 -0500] "GET /asty-shop/common/img/contents/top_domain_service_pr_img.png HTTP/1.1" 404 708 "-" "Mozilla/5.0 (Linux; Android 7.0;) AppleWebKit/537.36 (KHTML, like Gecko) Mobile Safari/537.36 (compatible; PetalBot;+https://aspiegel.com/petalbot)"
168.90.199.106 - - [02/Apr/2021:01:24:27 -0500] "GET /index.php/using-joomla/extensions/components/users-component/login-form HTTP/1.0" 301 707 "http://riuconstructora.com.do/" "Mozilla/5.0 (Windows NT 10.0; Win64; x64) AppleWebKit/537.36 (KHTML, like Gecko) Chrome/67.0.3396.62 Safari/537.36"
114.119.140.234 - - [02/Apr/2021:01:24:13 -0500] "GET /dentaro/810jcgr2096627.htm HTTP/1.1" 404 708 "-" "Mozilla/5.0 (Linux; Android 7.0;) AppleWebKit/537.36 (KHTML, like Gecko) Mobile Safari/537.36 (compatible; PetalBot;+https://aspiegel.com/petalbot)"
66.249.65.93 - - [02/Apr/2021:01:25:20 -0500] "GET /fermart/%E3%83%B4%E3%82%A1%E3%83%8D%E3%83%AA%20Vaneli%20%E3%83%AC%E3%83%87%E3%82%A3%E3%83%BC%E3%82%B9%20%E3%82%B7%E3%83%A5%E3%83%BC%E3%82%BA%E3%83%BB%E9%9D%B4%20%E3%82%B5%E3%83%B3%E3%83%80%E3%83%AB%E3%83%BB%E3%83%9F%E3%83%A5%E3%83%BC%E3%83%AB%E3%80%90Eliana%E3%80%91White/Gold%20Vippi%20Print/Bronze%20Metallic HTTP/1.1" 404 708 "-" "Googlebot-Image/1.0"
114.119.154.237 - - [02/Apr/2021:01:29:29 -0500] "GET /yamamotogunshop/3651sbij10002482.htm HTTP/1.1" 404 708 "-" "Mozilla/5.0 (Linux; Android 7.0;) AppleWebKit/537.36 (KHTML, like Gecko) Mobile Safari/537.36 (compatible; PetalBot;+https://aspiegel.com/petalbot)"
114.119.155.23 - - [02/Apr/2021:01:31:13 -0500] "GET /?option=com_k2&view=itemlist&task=user&id=86061 HTTP/1.1" 301 707 "-" "Mozilla/5.0 (Linux; Android 7.0;) AppleWebKit/537.36 (KHTML, like Gecko) Mobile Safari/537.36 (compatible; PetalBot;+https://aspiegel.com/petalbot)"
114.119.140.234 - - [02/Apr/2021:01:27:55 -0500] "GET /tantan/29418yugp2184398.htm HTTP/1.1" 404 708 "-" "Mozilla/5.0 (Linux; Android 7.0;) AppleWebKit/537.36 (KHTML, like Gecko) Mobile Safari/537.36 (compatible; PetalBot;+https://aspiegel.com/petalbot)"
114.119.154.237 - - [02/Apr/2021:01:22:28 -0500] "GET /jtmurata/44327yzeyy02002g7.htm HTTP/1.1" 404 708 "-" "Mozilla/5.0 (Linux; Android 7.0;) AppleWebKit/537.36 (KHTML, like Gecko) Mobile Safari/537.36 (compatible; PetalBot;+https://aspiegel.com/petalbot)"
114.119.155.23 - - [02/Apr/2021:01:26:03 -0500] "GET /dentaro/22835jcgr350622.htm HTTP/1.1" 404 708 "-" "Mozilla/5.0 (Linux; Android 7.0;) AppleWebKit/537.36 (KHTML, like Gecko) Mobile Safari/537.36 (compatible; PetalBot;+https://aspiegel.com/petalbot)"
157.55.39.112 - - [02/Apr/2021:01:32:16 -0500] "GET /index.php?option=com_k2&view=itemlist&task=user&id=593948 HTTP/1.1" 301 707 "-" "Mozilla/5.0 (compatible; bingbot/2.0; +http://www.bing.com/bingbot.htm)"
51.158.123.35 - - [02/Apr/2021:01:36:10 -0500] "GET /?option=com_k2&view=itemlist&task=user&id=412361 HTTP/1.1" 301 707 "http://riuconstructora.com.do/" "Mozilla/5.0 (Windows NT 10.0; Win64; x64) AppleWebKit/537.36 (KHTML, like Gecko) Chrome/65.0.3325.183 Safari/537.36 Vivaldi/1.97.1182.8"
114.119.137.70 - - [02/Apr/2021:01:32:57 -0500] "GET /kiro-2/24108zykpp15366401.htm HTTP/1.1" 404 708 "-" "Mozilla/5.0 (Linux; Android 7.0;) AppleWebKit/537.36 (KHTML, like Gecko) Mobile Safari/537.36 (compatible; PetalBot;+https://aspiegel.com/petalbot)"
114.119.141.77 - - [02/Apr/2021:01:34:49 -0500] "GET /meicho2/19401zykpcrw-07221.htm HTTP/1.1" 404 708 "-" "Mozilla/5.0 (Linux; Android 7.0;) AppleWebKit/537.36 (KHTML, like Gecko) Mobile Safari/537.36 (compatible; PetalBot;+https://aspiegel.com/petalbot)"
117.218.127.242 - - [02/Apr/2021:01:36:17 -0500] "GET /?option=com_k2&view=itemlist&task=user&id=412361 HTTP/1.1" 301 707 "https://riuconstructora.com.do/" "Mozilla/5.0 (Windows NT 10.0; Win64; x64) AppleWebKit/537.36 (KHTML, like Gecko) Chrome/65.0.3325.183 Safari/537.36 Vivaldi/1.97.1182.8"
114.119.137.70 - - [02/Apr/2021:01:36:57 -0500] "GET /meicho2/6377zykpkoh-ykt-1560-iv.htm HTTP/1.1" 404 708 "-" "Mozilla/5.0 (Linux; Android 7.0;) AppleWebKit/537.36 (KHTML, like Gecko) Mobile Safari/537.36 (compatible; PetalBot;+https://aspiegel.com/petalbot)"
95.160.35.99 - - [02/Apr/2021:01:37:35 -0500] "GET /?option=com_k2&view=itemlist&task=user&id=313226 HTTP/1.1" 301 707 "Referer: http://leadsystemnetwork.com/wp/bimpower/2014/04/27/lead-system-network-review-compensation-plan-back-office-tools-and-product-list/" "Mozilla/5.0 (X11; Ubuntu; Linux x86_64; rv:71.0) Gecko/20100101 Firefox/71.0"
66.249.65.94 - - [02/Apr/2021:01:39:27 -0500] "GET /kaiteki-elife/img/dn.png HTTP/1.1" 404 708 "-" "Googlebot-Image/1.0"
102.128.141.46 - - [02/Apr/2021:01:47:35 -0500] "GET /index.php/using-joomla/extensions/components/users-component/login-form HTTP/1.0" 301 707 "http://riuconstructora.com.do/" "Mozilla/5.0 (Windows NT 10.0; Win64; x64) AppleWebKit/537.36 (KHTML, like Gecko) Chrome/65.0.3325.183 Safari/537.36 Vivaldi/1.97.1182.8"
40.77.167.86 - - [02/Apr/2021:01:32:07 -0500] "GET /robots.txt HTTP/1.1" 301 707 "-" "Mozilla/5.0 (compatible; bingbot/2.0; +http://www.bing.com/bingbot.htm)"
114.119.141.77 - - [02/Apr/2021:01:39:08 -0500] "GET /dentaro/15802jcgr1663792.htm HTTP/1.1" 404 708 "-" "Mozilla/5.0 (Linux; Android 7.0;) AppleWebKit/537.36 (KHTML, like Gecko) Mobile Safari/537.36 (compatible; PetalBot;+https://aspiegel.com/petalbot)"
114.119.155.23 - - [02/Apr/2021:01:41:30 -0500] "GET /tjm-online/41098zykpref61205723.htm HTTP/1.1" 404 708 "-" "Mozilla/5.0 (Linux; Android 7.0;) AppleWebKit/537.36 (KHTML, like Gecko) Mobile Safari/537.36 (compatible; PetalBot;+https://aspiegel.com/petalbot)"
114.119.130.151 - - [02/Apr/2021:01:47:46 -0500] "GET /dentaro/16875jcgr1276494.htm HTTP/1.1" 404 708 "-" "Mozilla/5.0 (Linux; Android 7.0;) AppleWebKit/537.36 (KHTML, like Gecko) Mobile Safari/537.36 (compatible; PetalBot;+https://aspiegel.com/petalbot)"
114.119.137.70 - - [02/Apr/2021:01:43:29 -0500] "GET /dentaro/26174jcgr316791.htm HTTP/1.1" 404 708 "-" "Mozilla/5.0 (Linux; Android 7.0;) AppleWebKit/537.36 (KHTML, like Gecko) Mobile Safari/537.36 (compatible; PetalBot;+https://aspiegel.com/petalbot)"
114.119.140.234 - - [02/Apr/2021:01:45:44 -0500] "GET /ill-excel/21303yljcbt-13-m106-041836.htm HTTP/1.1" 404 708 "-" "Mozilla/5.0 (Linux; Android 7.0;) AppleWebKit/537.36 (KHTML, like Gecko) Mobile Safari/537.36 (compatible; PetalBot;+https://aspiegel.com/petalbot)"
209.58.157.26 - - [02/Apr/2021:01:52:57 -0500] "GET /index.php/using-joomla/extensions/components/users-component/registration-form?layout=complete HTTP/1.0" 301 707 "http://riuconstructora.com.do/" "Mozilla/5.0 (Windows NT 10.0) AppleWebKit/537.36 (KHTML, like Gecko) Chrome/63.0.3239.132 YaBrowser/18.1.1.839 Yowser/2.5 Safari/537.36"
66.249.65.93 - - [02/Apr/2021:01:53:34 -0500] "GET /gas-reform/cabinet/page_img/8/souryou-h.gif HTTP/1.1" 404 708 "-" "Googlebot-Image/1.0"
114.119.152.12 - - [02/Apr/2021:01:57:51 -0500] "GET /?option=com_k2&view=itemlist&task=user&id=403173 HTTP/1.1" 301 707 "-" "Mozilla/5.0 (Linux; Android 7.0;) AppleWebKit/537.36 (KHTML, like Gecko) Mobile Safari/537.36 (compatible; PetalBot;+https://aspiegel.com/petalbot)"
114.119.159.79 - - [02/Apr/2021:01:53:55 -0500] "GET /kokouki/12720vbah015177.htm HTTP/1.1" 404 708 "-" "Mozilla/5.0 (Linux; Android 7.0;) AppleWebKit/537.36 (KHTML, like Gecko) Mobile Safari/537.36 (compatible; PetalBot;+https://aspiegel.com/petalbot)"
114.119.155.23 - - [02/Apr/2021:01:52:06 -0500] "GET /felice-hatoba/396cmnz10011367.htm HTTP/1.1" 404 708 "-" "Mozilla/5.0 (Linux; Android 7.0;) AppleWebKit/537.36 (KHTML, like Gecko) Mobile Safari/537.36 (compatible; PetalBot;+https://aspiegel.com/petalbot)"
114.119.159.79 - - [02/Apr/2021:01:55:54 -0500] "GET /maido-diy/55004klqify-32fpg7.htm HTTP/1.1" 404 708 "-" "Mozilla/5.0 (Linux; Android 7.0;) AppleWebKit/537.36 (KHTML, like Gecko) Mobile Safari/537.36 (compatible; PetalBot;+https://aspiegel.com/petalbot)"
114.119.137.70 - - [02/Apr/2021:01:59:41 -0500] "GET /loop-online/10256cmnzmc56747.htm HTTP/1.1" 404 708 "-" "Mozilla/5.0 (Linux; Android 7.0;) AppleWebKit/537.36 (KHTML, like Gecko) Mobile Safari/537.36 (compatible; PetalBot;+https://aspiegel.com/petalbot)"
114.119.140.234 - - [02/Apr/2021:02:01:27 -0500] "GET /epoch88/4930zykpr0411024.htm HTTP/1.1" 404 708 "-" "Mozilla/5.0 (Linux; Android 7.0;) AppleWebKit/537.36 (KHTML, like Gecko) Mobile Safari/537.36 (compatible; PetalBot;+https://aspiegel.com/petalbot)"
125.99.34.94 - - [02/Apr/2021:02:02:50 -0500] "GET /?option=com_k2&view=itemlist&task=user&id=101501 HTTP/1.1" 301 707 "http://riuconstructora.com.do/" "Mozilla/5.0 (Windows NT 10.0) AppleWebKit/537.36 (KHTML, like Gecko) Chrome/67.0.3396.87 Safari/537.36"
114.119.130.151 - - [02/Apr/2021:02:05:07 -0500] "GET /epoch88/22730zykpr0304011.htm HTTP/1.1" 404 708 "-" "Mozilla/5.0 (Linux; Android 7.0;) AppleWebKit/537.36 (KHTML, like Gecko) Mobile Safari/537.36 (compatible; PetalBot;+https://aspiegel.com/petalbot)"
114.119.140.234 - - [02/Apr/2021:02:06:46 -0500] "GET /?option=com_k2&view=itemlist&task=user&id=255264 HTTP/1.1" 301 707 "-" "Mozilla/5.0 (Linux; Android 7.0;) AppleWebKit/537.36 (KHTML, like Gecko) Mobile Safari/537.36 (compatible; PetalBot;+https://aspiegel.com/petalbot)"
114.119.137.70 - - [02/Apr/2021:02:03:18 -0500] "GET /babysale/33229zykp0635180202rb.htm HTTP/1.1" 404 708 "-" "Mozilla/5.0 (Linux; Android 7.0;) AppleWebKit/537.36 (KHTML, like Gecko) Mobile Safari/537.36 (compatible; PetalBot;+https://aspiegel.com/petalbot)"
114.119.152.12 - - [02/Apr/2021:02:10:37 -0500] "GET /houseki-h/20135jblybr681.htm HTTP/1.1" 404 708 "-" "Mozilla/5.0 (Linux; Android 7.0;) AppleWebKit/537.36 (KHTML, like Gecko) Mobile Safari/537.36 (compatible; PetalBot;+https://aspiegel.com/petalbot)"
186.179.34.150 - - [02/Apr/2021:02:12:47 -0500] "GET /?option=com_k2&view=itemlist&task=user&id=450127 HTTP/1.0" 301 707 "http://www.riuconstructora.com.do/" "Mozilla/5.0 (Windows NT 10.0; Win64; x64) AppleWebKit/537.36 (KHTML, like Gecko) Chrome/65.0.3325.181 Safari/537.36 OPR/52.0.2871.40,gzip(gfe)"
104.223.32.179 - - [02/Apr/2021:02:13:22 -0500] "GET /?option=com_k2&view=itemlist&task=user&id=525872 HTTP/1.0" 301 707 "http://www.riuconstructora.com.do/" "Mozilla/5.0 (Windows NT 10.0; Win64; x64) AppleWebKit/537.36 (KHTML, like Gecko) Chrome/65.0.3298.4 Safari/537.36"
114.119.135.229 - - [02/Apr/2021:02:20:21 -0500] "GET /dtc/17949dtbo2133016915582.htm HTTP/1.1" 404 708 "-" "Mozilla/5.0 (Linux; Android 7.0;) AppleWebKit/537.36 (KHTML, like Gecko) Mobile Safari/537.36 (compatible; PetalBot;+https://aspiegel.com/petalbot)"
66.249.65.94 - - [02/Apr/2021:02:21:47 -0500] "GET /robots.txt HTTP/1.1" 301 707 "-" "Mozilla/5.0 (compatible; Googlebot/2.1; +http://www.google.com/bot.html)"
66.249.65.95 - - [02/Apr/2021:02:21:47 -0500] "GET /24-lens/img/common/logo.png HTTP/1.1" 404 708 "-" "Googlebot-Image/1.0"
114.119.130.151 - - [02/Apr/2021:02:24:11 -0500] "GET /booshop/5262wfzrz-falyo501087.htm HTTP/1.1" 404 708 "-" "Mozilla/5.0 (Linux; Android 7.0;) AppleWebKit/537.36 (KHTML, like Gecko) Mobile Safari/537.36 (compatible; PetalBot;+https://aspiegel.com/petalbot)"
114.119.154.237 - - [02/Apr/2021:02:25:59 -0500] "GET /golfpartner/22324hzhc2100234198134.htm HTTP/1.1" 404 708 "-" "Mozilla/5.0 (Linux; Android 7.0;) AppleWebKit/537.36 (KHTML, like Gecko) Mobile Safari/537.36 (compatible; PetalBot;+https://aspiegel.com/petalbot)"
114.119.145.5 - - [02/Apr/2021:02:08:43 -0500] "GET /dentaro/14261jcgr1918713.htm HTTP/1.1" 404 708 "-" "Mozilla/5.0 (Linux; Android 7.0;) AppleWebKit/537.36 (KHTML, like Gecko) Mobile Safari/537.36 (compatible; PetalBot;+https://aspiegel.com/petalbot)"
95.163.255.195 - - [02/Apr/2021:02:09:23 -0500] "GET /index.php?id=608605&option=com_k2&task=user&view=itemlist HTTP/1.1" 301 707 "-" "Mozilla/5.0 (compatible; Linux x86_64; Mail.RU_Bot/2.0; +http://go.mail.ru/help/robots)"
185.191.171.43 - - [02/Apr/2021:02:10:29 -0500] "GET /?id=531480&option=com_k2&task=user&view=itemlist HTTP/1.1" 301 707 "-" "Mozilla/5.0 (compatible; SemrushBot/7~bl; +http://www.semrush.com/bot.html)"
114.119.140.234 - - [02/Apr/2021:02:22:17 -0500] "GET /tantan/11086utah1957361.htm HTTP/1.1" 404 708 "-" "Mozilla/5.0 (Linux; Android 7.0;) AppleWebKit/537.36 (KHTML, like Gecko) Mobile Safari/537.36 (compatible; PetalBot;+https://aspiegel.com/petalbot)"
64.38.250.180 - - [02/Apr/2021:02:24:47 -0500] "GET /index.php/using-joomla/extensions/components/users-component/login-form HTTP/1.0" 301 707 "http://riuconstructora.com.do/" "Mozilla/5.0 (Windows NT 10.0) AppleWebKit/537.36 (KHTML, like Gecko) Chrome/66.0.3359.139 Safari/537.36"
66.249.65.93 - - [02/Apr/2021:02:07:40 -0500] "GET /fermart/%E3%82%A4%E3%82%B1%E3%83%92%E3%82%B3%E3%83%BB%E3%82%B3%E3%83%BC%E3%83%9D%E3%83%AC%E3%83%BC%E3%82%B7%E3%83%A7%E3%83%B3%20%E7%B4%94%E5%9B%BD%E7%94%A3%20%E3%81%84%E8%8D%89%20%E4%B8%8A%E6%95%B7%E3%81%8D%20%E3%82%AB%E3%83%BC%E3%83%9A%E3%83%83%E3%83%88%20%E7%B3%B8%E5%BC%95%E7%B9%94%20%E3%80%8E%E7%AB%8B%E5%B1%B1%E3%80%8F%20%E6%9C%AC%E9%96%936%E7%95%B3(%E7%B4%84286%C3%97382cm)%20%E7%86%8A%E6%9C%AC%E7%9C%8C%E5%85%AB%E4%BB%A3%E7%94%A3%E3%82%A4%E8%8D%89%E4%BD%BF%E7%94%A8%E3%80%90smtb-s%E3%80%91 HTTP/1.1" 404 708 "-" "Googlebot-Image/1.0"
185.191.171.22 - - [02/Apr/2021:02:10:29 -0500] "GET /robots.txt HTTP/1.1" 301 707 "-" "Mozilla/5.0 (compatible; SemrushBot/7~bl; +http://www.semrush.com/bot.html)"
66.249.65.95 - - [02/Apr/2021:02:12:50 -0500] "GET /ecjoy/17810tmrr2811359.htm HTTP/1.1" 404 708 "-" "Mozilla/5.0 (Linux; Android 6.0.1; Nexus 5X Build/MMB29P) AppleWebKit/537.36 (KHTML, like Gecko) Chrome/89.0.4389.117 Mobile Safari/537.36 (compatible; Googlebot/2.1; +http://www.google.com/bot.html)"
114.119.159.79 - - [02/Apr/2021:02:14:26 -0500] "GET /kiro-2/3642zykpp61386101.htm HTTP/1.1" 404 708 "-" "Mozilla/5.0 (Linux; Android 7.0;) AppleWebKit/537.36 (KHTML, like Gecko) Mobile Safari/537.36 (compatible; PetalBot;+https://aspiegel.com/petalbot)"
216.244.66.242 - - [02/Apr/2021:02:14:28 -0500] "GET /robots.txt HTTP/1.1" 301 707 "-" "Mozilla/5.0 (compatible; DotBot/1.2; +https://opensiteexplorer.org/dotbot; help@moz.com)"
13.66.139.92 - - [02/Apr/2021:02:14:55 -0500] "GET /index.php?format=feed&type=rss HTTP/1.1" 301 707 "-" "Mozilla/5.0 (compatible; bingbot/2.0; +http://www.bing.com/bingbot.htm)"
95.163.255.169 - - [02/Apr/2021:02:09:14 -0500] "GET /robots.txt HTTP/1.0" 301 707 "-" "Mozilla/5.0 (compatible; Linux x86_64; Mail.RU_Bot/2.0; +http://go.mail.ru/help/robots)"
95.163.255.171 - - [02/Apr/2021:02:09:16 -0500] "GET /index.php?id=588358&option=com_k2&task=user&view=itemlist HTTP/1.1" 301 707 "-" "Mozilla/5.0 (compatible; Linux x86_64; Mail.RU_Bot/2.0; +http://go.mail.ru/help/robots)"
114.119.140.234 - - [02/Apr/2021:02:12:34 -0500] "GET /active-store/13236cmnzkabba305011.htm HTTP/1.1" 404 708 "-" "Mozilla/5.0 (Linux; Android 7.0;) AppleWebKit/537.36 (KHTML, like Gecko) Mobile Safari/537.36 (compatible; PetalBot;+https://aspiegel.com/petalbot)"
66.249.65.94 - - [02/Apr/2021:02:12:50 -0500] "GET /robots.txt HTTP/1.1" 301 707 "-" "Mozilla/5.0 (compatible; Googlebot/2.1; +http://www.google.com/bot.html)"
114.119.159.79 - - [02/Apr/2021:02:16:28 -0500] "GET /assets/images/common/bg_img02.jpg HTTP/1.1" 404 708 "-" "Mozilla/5.0 (Linux; Android 7.0;) AppleWebKit/537.36 (KHTML, like Gecko) Mobile Safari/537.36 (compatible; PetalBot;+https://aspiegel.com/petalbot)"
114.119.154.237 - - [02/Apr/2021:02:18:28 -0500] "GET /tire3104/images/slid02_image02_02.png HTTP/1.1" 404 708 "-" "Mozilla/5.0 (Linux; Android 7.0;) AppleWebKit/537.36 (KHTML, like Gecko) Mobile Safari/537.36 (compatible; PetalBot;+https://aspiegel.com/petalbot)"
114.119.145.5 - - [02/Apr/2021:02:27:39 -0500] "GET /bring-sg/20443wfzr9019j310041.htm HTTP/1.1" 404 708 "-" "Mozilla/5.0 (Linux; Android 7.0;) AppleWebKit/537.36 (KHTML, like Gecko) Mobile Safari/537.36 (compatible; PetalBot;+https://aspiegel.com/petalbot)"
114.119.135.229 - - [02/Apr/2021:02:31:04 -0500] "GET /egaos/10898jjyjckfy2843.htm HTTP/1.1" 404 708 "-" "Mozilla/5.0 (Linux; Android 7.0;) AppleWebKit/537.36 (KHTML, like Gecko) Mobile Safari/537.36 (compatible; PetalBot;+https://aspiegel.com/petalbot)"
114.119.154.237 - - [02/Apr/2021:02:34:20 -0500] "GET /meicho2/27597zykpset-isj-102913.htm HTTP/1.1" 404 708 "-" "Mozilla/5.0 (Linux; Android 7.0;) AppleWebKit/537.36 (KHTML, like Gecko) Mobile Safari/537.36 (compatible; PetalBot;+https://aspiegel.com/petalbot)"
123.13.122.71 - - [02/Apr/2021:02:37:43 -0500] "GET /index.php/using-joomla/extensions/components/users-component/login-form HTTP/1.1" 301 707 "http://riuconstructora.com.do/" "Mozilla/5.0 (Windows NT 10.0) AppleWebKit/537.36 (KHTML, like Gecko) Chrome/64.0.3282.167 Safari/537.36"
114.119.135.229 - - [02/Apr/2021:02:39:08 -0500] "GET /kiro-2/23530zykpp31152001.htm HTTP/1.1" 404 708 "-" "Mozilla/5.0 (Linux; Android 7.0;) AppleWebKit/537.36 (KHTML, like Gecko) Mobile Safari/537.36 (compatible; PetalBot;+https://aspiegel.com/petalbot)"
114.119.130.151 - - [02/Apr/2021:02:30:04 -0500] "GET /meicho2/23zykpfuj-fic157509f.htm HTTP/1.1" 404 708 "-" "Mozilla/5.0 (Linux; Android 7.0;) AppleWebKit/537.36 (KHTML, like Gecko) Mobile Safari/537.36 (compatible; PetalBot;+https://aspiegel.com/petalbot)"
114.119.159.79 - - [02/Apr/2021:02:37:31 -0500] "GET /meicho2/174zykpmkt-16102404.htm HTTP/1.1" 404 708 "-" "Mozilla/5.0 (Linux; Android 7.0;) AppleWebKit/537.36 (KHTML, like Gecko) Mobile Safari/537.36 (compatible; PetalBot;+https://aspiegel.com/petalbot)"
114.119.140.234 - - [02/Apr/2021:02:43:59 -0500] "GET /ginnokura/47100zykpspl-t-66-chain.htm HTTP/1.1" 404 708 "-" "Mozilla/5.0 (Linux; Android 7.0;) AppleWebKit/537.36 (KHTML, like Gecko) Mobile Safari/537.36 (compatible; PetalBot;+https://aspiegel.com/petalbot)"
123.13.60.225 - - [02/Apr/2021:02:45:00 -0500] "GET /index.php/using-joomla/extensions/components/users-component/login-form HTTP/1.1" 301 707 "http://riuconstructora.com.do/" "Mozilla/5.0 (Windows NT 10.0; Win64; x64) AppleWebKit/537.36 (KHTML, like Gecko) Chrome/66.0.3359.117 Safari/537.36"
114.119.159.79 - - [02/Apr/2021:02:32:41 -0500] "GET /bring-sg/12853wfzr9019l020029.htm HTTP/1.1" 404 708 "-" "Mozilla/5.0 (Linux; Android 7.0;) AppleWebKit/537.36 (KHTML, like Gecko) Mobile Safari/537.36 (compatible; PetalBot;+https://aspiegel.com/petalbot)"
123.13.122.71 - - [02/Apr/2021:02:40:43 -0500] "GET /index.php/using-joomla/extensions/components/users-component/login-form HTTP/1.1" 301 707 "http://riuconstructora.com.do/" "Mozilla/5.0 (Windows NT 10.0; Win64; x64) AppleWebKit/537.36 (KHTML, like Gecko) Chrome/65.0.3325.181 Safari/537.36 OPR/52.0.2871.99"
114.119.145.5 - - [02/Apr/2021:02:40:47 -0500] "GET /dentaro/9198jcgr1474255.htm HTTP/1.1" 404 708 "-" "Mozilla/5.0 (Linux; Android 7.0;) AppleWebKit/537.36 (KHTML, like Gecko) Mobile Safari/537.36 (compatible; PetalBot;+https://aspiegel.com/petalbot)"
213.226.101.18 - - [02/Apr/2021:02:35:34 -0500] "GET /index.php/using-joomla/extensions/components/users-component/login-form HTTP/1.0" 301 707 "http://riuconstructora.com.do/" "Mozilla/5.0 (Windows NT 10.0; WOW64) AppleWebKit/537.36 (KHTML, like Gecko) Chrome/56.0.2924.90 Safari/537.36 2345Explorer/9.3.1.17322"
66.249.65.95 - - [02/Apr/2021:02:35:54 -0500] "GET /painttool/common/images/top1/udbtn_black.gif HTTP/1.1" 404 708 "-" "Googlebot-Image/1.0"
114.119.141.77 - - [02/Apr/2021:02:36:00 -0500] "GET /lbreath/23722wtxd206967675011.htm HTTP/1.1" 404 708 "-" "Mozilla/5.0 (Linux; Android 7.0;) AppleWebKit/537.36 (KHTML, like Gecko) Mobile Safari/537.36 (compatible; PetalBot;+https://aspiegel.com/petalbot)"
114.119.159.79 - - [02/Apr/2021:02:42:21 -0500] "GET /i-office1/23204klqi3304267.htm HTTP/1.1" 404 708 "-" "Mozilla/5.0 (Linux; Android 7.0;) AppleWebKit/537.36 (KHTML, like Gecko) Mobile Safari/537.36 (compatible; PetalBot;+https://aspiegel.com/petalbot)"
114.119.154.237 - - [02/Apr/2021:02:48:41 -0500] "GET /guts/13770zykp180403-02.htm HTTP/1.1" 404 708 "-" "Mozilla/5.0 (Linux; Android 7.0;) AppleWebKit/537.36 (KHTML, like Gecko) Mobile Safari/537.36 (compatible; PetalBot;+https://aspiegel.com/petalbot)"
114.119.130.151 - - [02/Apr/2021:02:45:34 -0500] "GET /meicho2/15644zykpset-isj-940921.htm HTTP/1.1" 404 708 "-" "Mozilla/5.0 (Linux; Android 7.0;) AppleWebKit/537.36 (KHTML, like Gecko) Mobile Safari/537.36 (compatible; PetalBot;+https://aspiegel.com/petalbot)"
66.249.65.94 - - [02/Apr/2021:02:50:01 -0500] "GET /sportsman/cabinet/crns-sp/cbanner0712.jpg HTTP/1.1" 404 708 "-" "Googlebot-Image/1.0"
114.119.152.12 - - [02/Apr/2021:02:50:15 -0500] "GET /ginnokura/46389zykpkh-c525.htm HTTP/1.1" 404 708 "-" "Mozilla/5.0 (Linux; Android 7.0;) AppleWebKit/537.36 (KHTML, like Gecko) Mobile Safari/537.36 (compatible; PetalBot;+https://aspiegel.com/petalbot)"
185.191.171.41 - - [02/Apr/2021:02:51:49 -0500] "GET /?id=169047&option=com_k2&task=user&view=itemlist HTTP/1.1" 301 707 "-" "Mozilla/5.0 (compatible; SemrushBot/7~bl; +http://www.semrush.com/bot.html)"
114.119.140.234 - - [02/Apr/2021:02:51:49 -0500] "GET /dentaro/6671jcgr2066665.htm HTTP/1.1" 404 708 "-" "Mozilla/5.0 (Linux; Android 7.0;) AppleWebKit/537.36 (KHTML, like Gecko) Mobile Safari/537.36 (compatible; PetalBot;+https://aspiegel.com/petalbot)"
114.119.154.237 - - [02/Apr/2021:02:47:09 -0500] "GET /meicho2/208zykpset-0593-0901.htm HTTP/1.1" 404 708 "-" "Mozilla/5.0 (Linux; Android 7.0;) AppleWebKit/537.36 (KHTML, like Gecko) Mobile Safari/537.36 (compatible; PetalBot;+https://aspiegel.com/petalbot)"
114.119.141.77 - - [02/Apr/2021:02:58:01 -0500] "GET /miyagawa-watch/7396xxzetr-mb7009.htm HTTP/1.1" 404 708 "-" "Mozilla/5.0 (Linux; Android 7.0;) AppleWebKit/537.36 (KHTML, like Gecko) Mobile Safari/537.36 (compatible; PetalBot;+https://aspiegel.com/petalbot)"
114.119.140.234 - - [02/Apr/2021:02:59:36 -0500] "GET /meicho2/12512zykp2-0007-0302.htm HTTP/1.1" 404 708 "-" "Mozilla/5.0 (Linux; Android 7.0;) AppleWebKit/537.36 (KHTML, like Gecko) Mobile Safari/537.36 (compatible; PetalBot;+https://aspiegel.com/petalbot)"
114.119.152.12 - - [02/Apr/2021:03:01:37 -0500] "GET /dentaro/9231jcgr1527454.htm HTTP/1.1" 404 708 "-" "Mozilla/5.0 (Linux; Android 7.0;) AppleWebKit/537.36 (KHTML, like Gecko) Mobile Safari/537.36 (compatible; PetalBot;+https://aspiegel.com/petalbot)"
114.119.137.70 - - [02/Apr/2021:02:53:25 -0500] "GET /loupe-studio/5493yhyktrs-alee.htm HTTP/1.1" 404 708 "-" "Mozilla/5.0 (Linux; Android 7.0;) AppleWebKit/537.36 (KHTML, like Gecko) Mobile Safari/537.36 (compatible; PetalBot;+https://aspiegel.com/petalbot)"
114.119.131.71 - - [02/Apr/2021:03:00:03 -0500] "GET /robots.txt HTTP/1.1" 301 707 "-" "(compatible;PetalBot;+https://aspiegel.com/petalbot)"
114.119.152.12 - - [02/Apr/2021:02:56:30 -0500] "GET /meicho2/13414zykpset-crw-28506.htm HTTP/1.1" 404 708 "-" "Mozilla/5.0 (Linux; Android 7.0;) AppleWebKit/537.36 (KHTML, like Gecko) Mobile Safari/537.36 (compatible; PetalBot;+https://aspiegel.com/petalbot)"
114.119.137.70 - - [02/Apr/2021:02:54:59 -0500] "GET /ginnokura/47623yzeyrg-b129.htm HTTP/1.1" 404 708 "-" "Mozilla/5.0 (Linux; Android 7.0;) AppleWebKit/537.36 (KHTML, like Gecko) Mobile Safari/537.36 (compatible; PetalBot;+https://aspiegel.com/petalbot)"
93.10.69.29 - - [02/Apr/2021:02:58:03 -0500] "GET / HTTP/1.0" 301 707 "http://riuconstructora.com.do" "Mozilla/5.0 (Windows NT 10.0) AppleWebKit/537.36 (KHTML, like Gecko) Chrome/64.0.3282.186 YaBrowser/18.3.1.1232 Yowser/2.5 Safari/D61D9C"
114.119.155.23 - - [02/Apr/2021:03:06:20 -0500] "GET /meicho2/9637zykpset-kak-103324.htm HTTP/1.1" 404 708 "-" "Mozilla/5.0 (Linux; Android 7.0;) AppleWebKit/537.36 (KHTML, like Gecko) Mobile Safari/537.36 (compatible; PetalBot;+https://aspiegel.com/petalbot)"
114.119.154.237 - - [02/Apr/2021:03:11:21 -0500] "GET /dentaro/23453jcgr1706406.htm HTTP/1.1" 404 708 "-" "Mozilla/5.0 (Linux; Android 7.0;) AppleWebKit/537.36 (KHTML, like Gecko) Mobile Safari/537.36 (compatible; PetalBot;+https://aspiegel.com/petalbot)"
40.77.167.86 - - [02/Apr/2021:03:12:04 -0500] "GET /robots.txt HTTP/1.1" 301 707 "-" "Mozilla/5.0 (compatible; bingbot/2.0; +http://www.bing.com/bingbot.htm)"
13.66.139.92 - - [02/Apr/2021:03:12:10 -0500] "GET /index.php/using-joomla/extensions/components/content-component/article-categories/78-proyectos/slide-show?format=feed&type=atom HTTP/1.1" 301 707 "-" "Mozilla/5.0 (compatible; bingbot/2.0; +http://www.bing.com/bingbot.htm)"
114.119.141.77 - - [02/Apr/2021:03:12:39 -0500] "GET /mutsuura/51296cgui10591880.htm HTTP/1.1" 404 708 "-" "Mozilla/5.0 (Linux; Android 7.0;) AppleWebKit/537.36 (KHTML, like Gecko) Mobile Safari/537.36 (compatible; PetalBot;+https://aspiegel.com/petalbot)"
114.119.145.5 - - [02/Apr/2021:03:03:13 -0500] "GET /dentaro/24761jcgr1573187.htm HTTP/1.1" 404 708 "-" "Mozilla/5.0 (Linux; Android 7.0;) AppleWebKit/537.36 (KHTML, like Gecko) Mobile Safari/537.36 (compatible; PetalBot;+https://aspiegel.com/petalbot)"
66.249.65.94 - - [02/Apr/2021:03:04:08 -0500] "GET /isuke/img/header_free.gif HTTP/1.1" 404 708 "-" "Googlebot-Image/1.0"
114.119.135.229 - - [02/Apr/2021:03:04:46 -0500] "GET /dentaro/20431jcgr1462123.htm HTTP/1.1" 404 708 "-" "Mozilla/5.0 (Linux; Android 7.0;) AppleWebKit/537.36 (KHTML, like Gecko) Mobile Safari/537.36 (compatible; PetalBot;+https://aspiegel.com/petalbot)"
114.119.135.229 - - [02/Apr/2021:03:14:10 -0500] "GET /atmos-tokyo/22795cakh700155-601.htm HTTP/1.1" 404 708 "-" "Mozilla/5.0 (Linux; Android 7.0;) AppleWebKit/537.36 (KHTML, like Gecko) Mobile Safari/537.36 (compatible; PetalBot;+https://aspiegel.com/petalbot)"
66.249.65.93 - - [02/Apr/2021:03:18:15 -0500] "GET /mono-store/img/top_txt_01.gif HTTP/1.1" 404 708 "-" "Googlebot-Image/1.0"
5.164.196.10 - - [02/Apr/2021:03:19:18 -0500] "GET /index.php HTTP/1.0" 301 707 "http://www.riuconstructora.com.do/index.php" "Mozilla/5.0 (Windows NT 6.1; Win64; x64) AppleWebKit/537.36 (KHTML, like Gecko) Chrome/83.0.4103.24 Safari/537.36 Edg/83.0.478.18"
114.119.155.23 - - [02/Apr/2021:03:07:55 -0500] "GET /twinklefunny/28977zykptf-24159.htm HTTP/1.1" 404 708 "-" "Mozilla/5.0 (Linux; Android 7.0;) AppleWebKit/537.36 (KHTML, like Gecko) Mobile Safari/537.36 (compatible; PetalBot;+https://aspiegel.com/petalbot)"
114.119.141.77 - - [02/Apr/2021:03:09:30 -0500] "GET /celeb10/13388cven142771.htm HTTP/1.1" 404 708 "-" "Mozilla/5.0 (Linux; Android 7.0;) AppleWebKit/537.36 (KHTML, like Gecko) Mobile Safari/537.36 (compatible; PetalBot;+https://aspiegel.com/petalbot)"
114.119.141.77 - - [02/Apr/2021:03:15:45 -0500] "GET /loupe-studio/19726cguitrs-0o3l.htm HTTP/1.1" 404 708 "-" "Mozilla/5.0 (Linux; Android 7.0;) AppleWebKit/537.36 (KHTML, like Gecko) Mobile Safari/537.36 (compatible; PetalBot;+https://aspiegel.com/petalbot)"
114.119.130.151 - - [02/Apr/2021:03:17:18 -0500] "GET /hirochishop-2/21020jjyj8nv58-tn.htm HTTP/1.1" 404 708 "-" "Mozilla/5.0 (Linux; Android 7.0;) AppleWebKit/537.36 (KHTML, like Gecko) Mobile Safari/537.36 (compatible; PetalBot;+https://aspiegel.com/petalbot)"
114.119.145.5 - - [02/Apr/2021:03:18:48 -0500] "GET /dentaro/10576jcgr2090223.htm HTTP/1.1" 404 708 "-" "Mozilla/5.0 (Linux; Android 7.0;) AppleWebKit/537.36 (KHTML, like Gecko) Mobile Safari/537.36 (compatible; PetalBot;+https://aspiegel.com/petalbot)"
66.249.65.94 - - [02/Apr/2021:03:27:57 -0500] "GET /re-vida/%E2%96%A0Panasonic%20%E8%88%9E%E5%8F%B0%E3%82%B9%E3%82%BF%E3%82%B8%E3%82%AA%E7%94%A8C%E5%9E%8B%E6%8E%A5%E5%9C%B02P30A%E5%9F%8B%E8%BE%BC%E3%82%B3%E3%83%B3%E3%80%8A10%E5%80%8B%E5%85%A5%E3%80%8B%E3%80%94%E5%93%81%E7%95%AA%EF%BC%9AWF1830B%E3%80%95[TR-1594161]%20%E3%82%BF%E3%82%A4%E3%83%A4%E3%81%AF%E3%83%95%E3%82%B8%20%E9%80%81%E6%96%99%E7%84%A1%E6%96%99%20MID%20%E3%83%A6%E3%83%BC%E3%83%AD%E3%82%B9%E3%83%94%E3%83%BC%E3%83%89%20V25%206J%206.00-15%20YOKOHAMA%20%E3%83%96%E3%83%AB%E3%83%BC%E3%82%A2%E3%83%BC%E3%82%B9%20GT%20AE51%20205/65R15%2015%E3%82%A4%E3%83%B3%E3%83%81%20%E3%82%B5%E3%83%9E%E3%83%BC%E3%82%BF%E3%82%A4%E3%83%A4%20%E3%83%9B%E3%82%A4%E3%83%BC%E3%83%AB4%E6%9C%AC%E3%82%BB%E3%83%83%E3%83%88 HTTP/1.1" 404 708 "-" "Googlebot-Image/1.0"
66.249.65.93 - - [02/Apr/2021:03:27:57 -0500] "GET /robots.txt HTTP/1.1" 301 707 "-" "Mozilla/5.0 (compatible; Googlebot/2.1; +http://www.google.com/bot.html)"
114.119.141.77 - - [02/Apr/2021:03:25:05 -0500] "GET /luxurious/30094zykp41125.htm HTTP/1.1" 404 708 "-" "Mozilla/5.0 (Linux; Android 7.0;) AppleWebKit/537.36 (KHTML, like Gecko) Mobile Safari/537.36 (compatible; PetalBot;+https://aspiegel.com/petalbot)"
114.119.140.234 - - [02/Apr/2021:03:23:32 -0500] "GET /dentaro/8975jcgr2059461.htm HTTP/1.1" 404 708 "-" "Mozilla/5.0 (Linux; Android 7.0;) AppleWebKit/537.36 (KHTML, like Gecko) Mobile Safari/537.36 (compatible; PetalBot;+https://aspiegel.com/petalbot)"
114.119.152.12 - - [02/Apr/2021:03:20:27 -0500] "GET /loupe-studio/3257cguitrs-9jgt.htm HTTP/1.1" 404 708 "-" "Mozilla/5.0 (Linux; Android 7.0;) AppleWebKit/537.36 (KHTML, like Gecko) Mobile Safari/537.36 (compatible; PetalBot;+https://aspiegel.com/petalbot)"
66.249.65.93 - - [02/Apr/2021:03:20:27 -0500] "GET /bloomgreen/common/img/rusupin01.jpg HTTP/1.1" 404 708 "-" "Googlebot-Image/1.0"
114.119.141.77 - - [02/Apr/2021:03:22:25 -0500] "GET /guts/6675zykp170106-28.htm HTTP/1.1" 404 708 "-" "Mozilla/5.0 (Linux; Android 7.0;) AppleWebKit/537.36 (KHTML, like Gecko) Mobile Safari/537.36 (compatible; PetalBot;+https://aspiegel.com/petalbot)"
114.119.154.237 - - [02/Apr/2021:03:26:38 -0500] "GET /justre/21843jblyese-1506a.htm HTTP/1.1" 404 708 "-" "Mozilla/5.0 (Linux; Android 7.0;) AppleWebKit/537.36 (KHTML, like Gecko) Mobile Safari/537.36 (compatible; PetalBot;+https://aspiegel.com/petalbot)"
114.119.137.70 - - [02/Apr/2021:03:28:13 -0500] "GET /r-houjudo/13963dtbodmg04hep950pt012.htm HTTP/1.1" 404 708 "-" "Mozilla/5.0 (Linux; Android 7.0;) AppleWebKit/537.36 (KHTML, like Gecko) Mobile Safari/537.36 (compatible; PetalBot;+https://aspiegel.com/petalbot)"
114.119.140.234 - - [02/Apr/2021:03:29:45 -0500] "GET /dentaro/14530jcgr1710569.htm HTTP/1.1" 404 708 "-" "Mozilla/5.0 (Linux; Android 7.0;) AppleWebKit/537.36 (KHTML, like Gecko) Mobile Safari/537.36 (compatible; PetalBot;+https://aspiegel.com/petalbot)"
114.119.155.23 - - [02/Apr/2021:03:32:48 -0500] "GET /loupe-studio/26834cguitrs-8ass.htm HTTP/1.1" 404 708 "-" "Mozilla/5.0 (Linux; Android 7.0;) AppleWebKit/537.36 (KHTML, like Gecko) Mobile Safari/537.36 (compatible; PetalBot;+https://aspiegel.com/petalbot)"
66.249.65.93 - - [02/Apr/2021:03:33:31 -0500] "GET /economy/index.html HTTP/1.1" 404 708 "-" "Mozilla/5.0 (Linux; Android 6.0.1; Nexus 5X Build/MMB29P) AppleWebKit/537.36 (KHTML, like Gecko) Chrome/89.0.4389.102 Mobile Safari/537.36 (compatible; Googlebot/2.1; +http://www.google.com/bot.html)"
114.119.135.229 - - [02/Apr/2021:03:34:18 -0500] "GET /landmark/36845mhwtazcorona100.htm HTTP/1.1" 404 708 "-" "Mozilla/5.0 (Linux; Android 7.0;) AppleWebKit/537.36 (KHTML, like Gecko) Mobile Safari/537.36 (compatible; PetalBot;+https://aspiegel.com/petalbot)"
114.119.159.79 - - [02/Apr/2021:03:31:15 -0500] "GET /?option=com_k2&view=itemlist&task=user&id=641969 HTTP/1.1" 301 707 "-" "Mozilla/5.0 (Linux; Android 7.0;) AppleWebKit/537.36 (KHTML, like Gecko) Mobile Safari/537.36 (compatible; PetalBot;+https://aspiegel.com/petalbot)"
207.46.13.36 - - [02/Apr/2021:03:32:13 -0500] "GET /?option=com_k2&view=itemlist&task=user&id=451068 HTTP/1.1" 301 707 "-" "Mozilla/5.0 (compatible; bingbot/2.0; +http://www.bing.com/bingbot.htm)"
66.249.65.93 - - [02/Apr/2021:03:32:22 -0500] "GET /pit-sports/css/img/m_kourei.gif HTTP/1.1" 404 708 "-" "Googlebot-Image/1.0"
89.36.224.244 - - [02/Apr/2021:03:29:40 -0500] "GET /?option=com_k2&view=itemlist&task=user&id=632765 HTTP/1.1" 301 707 "http://www.riuconstructora.com.do/" "Mozilla/5.0 (Windows NT 10.0; Win64; x64) AppleWebKit/537.36 (KHTML, like Gecko) Chrome/65.0.3325.181 Safari/537.36 OPR/52.0.2871.64"
114.119.141.77 - - [02/Apr/2021:03:35:50 -0500] "GET /kiro-2/9691zykpp32269301.htm HTTP/1.1" 404 708 "-" "Mozilla/5.0 (Linux; Android 7.0;) AppleWebKit/537.36 (KHTML, like Gecko) Mobile Safari/537.36 (compatible; PetalBot;+https://aspiegel.com/petalbot)"
114.119.135.229 - - [02/Apr/2021:03:38:55 -0500] "GET /guts/6699zykp170106-25.htm HTTP/1.1" 404 708 "-" "Mozilla/5.0 (Linux; Android 7.0;) AppleWebKit/537.36 (KHTML, like Gecko) Mobile Safari/537.36 (compatible; PetalBot;+https://aspiegel.com/petalbot)"
114.119.145.5 - - [02/Apr/2021:03:45:03 -0500] "GET /?option=com_k2&view=itemlist&task=user&id=682196 HTTP/1.1" 301 707 "-" "Mozilla/5.0 (Linux; Android 7.0;) AppleWebKit/537.36 (KHTML, like Gecko) Mobile Safari/537.36 (compatible; PetalBot;+https://aspiegel.com/petalbot)"
114.119.130.151 - - [02/Apr/2021:03:49:48 -0500] "GET /?option=com_k2&view=itemlist&task=user&id=441321 HTTP/1.1" 301 707 "-" "Mozilla/5.0 (Linux; Android 7.0;) AppleWebKit/537.36 (KHTML, like Gecko) Mobile Safari/537.36 (compatible; PetalBot;+https://aspiegel.com/petalbot)"
114.119.145.5 - - [02/Apr/2021:03:51:22 -0500] "GET /dentaro/20860jcgr1818863.htm HTTP/1.1" 404 708 "-" "Mozilla/5.0 (Linux; Android 7.0;) AppleWebKit/537.36 (KHTML, like Gecko) Mobile Safari/537.36 (compatible; PetalBot;+https://aspiegel.com/petalbot)"
185.191.171.25 - - [02/Apr/2021:03:54:30 -0500] "GET /index.php?id=590425&option=com_k2&task=user&view=itemlist HTTP/1.1" 301 707 "-" "Mozilla/5.0 (compatible; SemrushBot/7~bl; +http://www.semrush.com/bot.html)"
182.227.203.85 - - [02/Apr/2021:03:37:36 -0500] "GET /index.php?option=com_k2&view=itemlist&task=user&id=600980 HTTP/1.1" 301 707 "-" "Mozilla/4.0 (compatible; MSIE 6.0; Windows NT 5.1; SV1)"
114.119.154.237 - - [02/Apr/2021:03:37:40 -0500] "GET /dentaro/8004jcgr1651248.htm HTTP/1.1" 404 708 "-" "Mozilla/5.0 (Linux; Android 7.0;) AppleWebKit/537.36 (KHTML, like Gecko) Mobile Safari/537.36 (compatible; PetalBot;+https://aspiegel.com/petalbot)"
114.119.154.237 - - [02/Apr/2021:03:40:28 -0500] "GET /dentaro/20701jcgr1671876.htm HTTP/1.1" 404 708 "-" "Mozilla/5.0 (Linux; Android 7.0;) AppleWebKit/537.36 (KHTML, like Gecko) Mobile Safari/537.36 (compatible; PetalBot;+https://aspiegel.com/petalbot)"
114.119.154.237 - - [02/Apr/2021:03:43:30 -0500] "GET /?option=com_k2&view=itemlist&task=user&id=634355 HTTP/1.1" 301 707 "-" "Mozilla/5.0 (Linux; Android 7.0;) AppleWebKit/537.36 (KHTML, like Gecko) Mobile Safari/537.36 (compatible; PetalBot;+https://aspiegel.com/petalbot)"
66.249.65.93 - - [02/Apr/2021:03:46:47 -0500] "GET /casecamp/7039dcwb3api11-abwh-151-mbj9.htm HTTP/1.1" 404 708 "-" "Mozilla/5.0 (Linux; Android 6.0.1; Nexus 5X Build/MMB29P) AppleWebKit/537.36 (KHTML, like Gecko) Chrome/89.0.4389.102 Mobile Safari/537.36 (compatible; Googlebot/2.1; +http://www.google.com/bot.html)"
185.191.171.14 - - [02/Apr/2021:03:54:30 -0500] "GET /robots.txt HTTP/1.1" 301 707 "-" "Mozilla/5.0 (compatible; SemrushBot/7~bl; +http://www.semrush.com/bot.html)"
95.163.255.195 - - [02/Apr/2021:03:44:20 -0500] "GET /index.php?id=591490&option=com_k2&task=user&view=itemlist HTTP/1.1" 301 707 "-" "Mozilla/5.0 (compatible; Linux x86_64; Mail.RU_Bot/2.0; +http://go.mail.ru/help/robots)"
95.163.255.185 - - [02/Apr/2021:03:44:56 -0500] "GET /robots.txt HTTP/1.0" 301 707 "-" "Mozilla/5.0 (compatible; Linux x86_64; Mail.RU_Bot/2.0; +http://go.mail.ru/help/robots)"
66.249.65.95 - - [02/Apr/2021:03:46:29 -0500] "GET /robots.txt HTTP/1.1" 301 707 "-" "Mozilla/5.0 (compatible; Googlebot/2.1; +http://www.google.com/bot.html)"
66.249.65.95 - - [02/Apr/2021:03:46:29 -0500] "GET /pcexpress-mobile/%E3%80%90COERCE%E3%80%91%E3%80%90%E3%82%B3%E3%83%AF%E3%83%BC%E3%82%B9%E3%80%91%E3%80%90%E3%83%90%E3%82%A4%E3%82%AF%E7%94%A8%E3%80%91RS%20%E3%83%AA%E3%82%A2%E3%83%95%E3%82%A7%E3%83%B3%E3%83%80%E3%83%BC%20FRP%E9%BB%92%E3%82%B2%E3%83%AB%20BANDIT%20%E3%83%90%E3%83%B3%E3%83%87%E3%82%A3%E3%83%83%E3%83%881250F%202010%E3%80%900-42-CRFB3108%E3%80%91 HTTP/1.1" 404 708 "-" "Googlebot-Image/1.0"
114.119.130.151 - - [02/Apr/2021:03:46:37 -0500] "GET /dentaro/8047jcgr2042428.htm HTTP/1.1" 404 708 "-" "Mozilla/5.0 (Linux; Android 7.0;) AppleWebKit/537.36 (KHTML, like Gecko) Mobile Safari/537.36 (compatible; PetalBot;+https://aspiegel.com/petalbot)"
114.119.140.234 - - [02/Apr/2021:03:48:12 -0500] "GET /l-nana/10547bczu4966376194926.htm HTTP/1.1" 404 708 "-" "Mozilla/5.0 (Linux; Android 7.0;) AppleWebKit/537.36 (KHTML, like Gecko) Mobile Safari/537.36 (compatible; PetalBot;+https://aspiegel.com/petalbot)"
114.119.141.77 - - [02/Apr/2021:03:42:00 -0500] "GET /meicho2/853zykpset-kak-350502.htm HTTP/1.1" 404 708 "-" "Mozilla/5.0 (Linux; Android 7.0;) AppleWebKit/537.36 (KHTML, like Gecko) Mobile Safari/537.36 (compatible; PetalBot;+https://aspiegel.com/petalbot)"
95.163.255.165 - - [02/Apr/2021:03:44:18 -0500] "GET /robots.txt HTTP/1.0" 301 707 "-" "Mozilla/5.0 (compatible; Linux x86_64; Mail.RU_Bot/2.0; +http://go.mail.ru/help/robots)"
95.163.255.195 - - [02/Apr/2021:03:44:57 -0500] "GET /index.php?id=628404&option=com_k2&task=user&view=itemlist HTTP/1.1" 301 707 "-" "Mozilla/5.0 (compatible; Linux x86_64; Mail.RU_Bot/2.0; +http://go.mail.ru/help/robots)"
66.249.65.94 - - [02/Apr/2021:03:50:28 -0500] "GET /motobluez/common/img/icon_top_business01_m3.png HTTP/1.1" 404 708 "-" "Googlebot-Image/1.0"
114.119.135.229 - - [02/Apr/2021:03:52:51 -0500] "GET /dentaro/16896ewcy667598.htm HTTP/1.1" 404 708 "-" "Mozilla/5.0 (Linux; Android 7.0;) AppleWebKit/537.36 (KHTML, like Gecko) Mobile Safari/537.36 (compatible; PetalBot;+https://aspiegel.com/petalbot)"
5.157.33.107 - - [02/Apr/2021:03:54:08 -0500] "GET /index.php/using-joomla/extensions/components/users-component/login-form HTTP/1.0" 301 707 "http://riuconstructora.com.do/" "Mozilla/5.0 (Macintosh; Intel Mac OS X 10_9_3) AppleWebKit/537.36 (KHTML, like Gecko) Chrome/35.0.1916.47 Safari/537.36"
114.119.155.23 - - [02/Apr/2021:03:55:53 -0500] "GET /uniclass-o/6359whlnds-1601763.htm HTTP/1.1" 404 708 "-" "Mozilla/5.0 (Linux; Android 7.0;) AppleWebKit/537.36 (KHTML, like Gecko) Mobile Safari/537.36 (compatible; PetalBot;+https://aspiegel.com/petalbot)"
66.249.73.149 - - [02/Apr/2021:03:57:42 -0500] "GET /robots.txt HTTP/1.1" 301 707 "-" "Mozilla/5.0 (compatible; Googlebot/2.1; +http://www.google.com/bot.html)"
66.249.73.147 - - [02/Apr/2021:03:57:42 -0500] "GET /ads.txt HTTP/1.1" 404 708 "-" "Mozilla/5.0 (compatible; Googlebot/2.1; +http://www.google.com/bot.html)"
114.119.154.237 - - [02/Apr/2021:04:01:01 -0500] "GET /meicho2/27759zykpset-isj-056801.htm HTTP/1.1" 404 708 "-" "Mozilla/5.0 (Linux; Android 7.0;) AppleWebKit/537.36 (KHTML, like Gecko) Mobile Safari/537.36 (compatible; PetalBot;+https://aspiegel.com/petalbot)"
114.119.155.23 - - [02/Apr/2021:04:03:37 -0500] "GET /kohakuya/37070zykp803.htm HTTP/1.1" 404 708 "-" "Mozilla/5.0 (Linux; Android 7.0;) AppleWebKit/537.36 (KHTML, like Gecko) Mobile Safari/537.36 (compatible; PetalBot;+https://aspiegel.com/petalbot)"
114.119.135.229 - - [02/Apr/2021:03:58:08 -0500] "GET /?option=com_k2&view=itemlist&task=user&id=498484 HTTP/1.1" 301 707 "-" "Mozilla/5.0 (Linux; Android 7.0;) AppleWebKit/537.36 (KHTML, like Gecko) Mobile Safari/537.36 (compatible; PetalBot;+https://aspiegel.com/petalbot)"
114.119.141.77 - - [02/Apr/2021:03:58:56 -0500] "GET /kamitsuuhan/5537cmnz056006.htm HTTP/1.1" 404 708 "-" "Mozilla/5.0 (Linux; Android 7.0;) AppleWebKit/537.36 (KHTML, like Gecko) Mobile Safari/537.36 (compatible; PetalBot;+https://aspiegel.com/petalbot)"
114.119.137.70 - - [02/Apr/2021:04:02:32 -0500] "GET /?option=com_k2&view=itemlist&task=user&id=424394 HTTP/1.1" 301 707 "-" "Mozilla/5.0 (Linux; Android 7.0;) AppleWebKit/537.36 (KHTML, like Gecko) Mobile Safari/537.36 (compatible; PetalBot;+https://aspiegel.com/petalbot)"
114.119.141.77 - - [02/Apr/2021:04:05:09 -0500] "GET /tantan/17625erks1965219.htm HTTP/1.1" 404 708 "-" "Mozilla/5.0 (Linux; Android 7.0;) AppleWebKit/537.36 (KHTML, like Gecko) Mobile Safari/537.36 (compatible; PetalBot;+https://aspiegel.com/petalbot)"
66.249.65.94 - - [02/Apr/2021:04:00:37 -0500] "GET /sakaiya/img/indesign.jpg HTTP/1.1" 404 708 "-" "Googlebot-Image/1.0"
66.249.65.94 - - [02/Apr/2021:04:09:00 -0500] "GET /vitosaka/12219lspkds-1722307.htm HTTP/1.1" 404 708 "-" "Mozilla/5.0 (Linux; Android 6.0.1; Nexus 5X Build/MMB29P) AppleWebKit/537.36 (KHTML, like Gecko) Chrome/89.0.4389.117 Mobile Safari/537.36 (compatible; Googlebot/2.1; +http://www.google.com/bot.html)"
13.66.139.92 - - [02/Apr/2021:04:09:17 -0500] "GET /index.php?format=feed&type=rss HTTP/1.1" 301 707 "-" "Mozilla/5.0 (compatible; bingbot/2.0; +http://www.bing.com/bingbot.htm)"
114.119.159.79 - - [02/Apr/2021:04:08:18 -0500] "GET /meicho2/102zykpset-eb-7686400.htm HTTP/1.1" 404 708 "-" "Mozilla/5.0 (Linux; Android 7.0;) AppleWebKit/537.36 (KHTML, like Gecko) Mobile Safari/537.36 (compatible; PetalBot;+https://aspiegel.com/petalbot)"
114.119.152.12 - - [02/Apr/2021:04:09:50 -0500] "GET /million-bell/42512rhnrkjgb4-002.htm HTTP/1.1" 404 708 "-" "Mozilla/5.0 (Linux; Android 7.0;) AppleWebKit/537.36 (KHTML, like Gecko) Mobile Safari/537.36 (compatible; PetalBot;+https://aspiegel.com/petalbot)"
114.119.130.151 - - [02/Apr/2021:04:06:44 -0500] "GET /add-kitchen/44283cgui857-4928.htm HTTP/1.1" 404 708 "-" "Mozilla/5.0 (Linux; Android 7.0;) AppleWebKit/537.36 (KHTML, like Gecko) Mobile Safari/537.36 (compatible; PetalBot;+https://aspiegel.com/petalbot)"
186.179.36.82 - - [02/Apr/2021:04:09:37 -0500] "GET /?option=com_k2&view=itemlist&task=user&id=450127 HTTP/1.0" 301 707 "http://www.riuconstructora.com.do/" "Mozilla/5.0 (Macintosh; Intel Mac OS X 10_14_0) AppleWebKit/608.1.10 (KHTML, like Gecko) Chrome/66.0.3359.139 Safari/537.36"
75.127.11.5 - - [02/Apr/2021:04:11:03 -0500] "GET /index.php/using-joomla/extensions/components/users-component/login-form HTTP/1.1" 301 707 "http://riuconstructora.com.do/" "Mozilla/5.0 (Windows NT 10.0; Win64; x64) AppleWebKit/537.36 (KHTML, like Gecko) Chrome/58.0.3029.110 Safari/537.36 Edge/B08C390C"
114.119.145.5 - - [02/Apr/2021:04:11:21 -0500] "GET /tanix-shop/14479wfzr4606990.htm HTTP/1.1" 404 708 "-" "Mozilla/5.0 (Linux; Android 7.0;) AppleWebKit/537.36 (KHTML, like Gecko) Mobile Safari/537.36 (compatible; PetalBot;+https://aspiegel.com/petalbot)"
